﻿[36mvite v6.4.1 [32mbuilding for production...[36m[39m
transforming...
[32mÔ£ô[39m 40 modules transformed.
node.exe : [31mÔ£ù[39m Build failed in 2.21s
At line:1 char:1
+ & "C:\Program Files\nodejs/node.exe" "C:\Program Files\nodejs/node_mo ...
+ ~~~~~~~~~~~~~~~~~~~~~~~~~~~~~~~~~~~~~~~~~~~~~~~~~~~~~~~~~~~~~~~~~~~~~
    + CategoryInfo          : NotSpecified: ([31mÔ£ù[39m Build failed in 2.2 
   1s:String) [], RemoteException
    + FullyQualifiedErrorId : NativeCommandError
 
[31merror during build:
[31mEPERM, Permission denied: \\?\C:\Users\hakob\Documents\Projects\Visualizer
\dist\data '\\?\C:\Users\hakob\Documents\Projects\Visualizer\dist\data'[31m
    at Object.rmSync (node:fs:1235:18)
    at emptyDir (file:///C:/Users/hakob/Documents/Projects/Visualizer/node_modu
les/vite/dist/node/chunks/dep-D4NMHUTW.js:6855:19)
    at prepareOutDir (file:///C:/Users/hakob/Documents/Projects/Visualizer/node
_modules/vite/dist/node/chunks/dep-D4NMHUTW.js:46273:7)
    at buildEnvironment (file:///C:/Users/hakob/Documents/Projects/Visualizer/n
ode_modules/vite/dist/node/chunks/dep-D4NMHUTW.js:46237:7)
    at async Object.defaultBuildApp [as buildApp] (file:///C:/Users/hakob/Docum
ents/Projects/Visualizer/node_modules/vite/dist/node/chunks/dep-D4NMHUTW.js:467
13:5)
    at async CAC.<anonymous> (file:///C:/Users/hakob/Documents/Projects/Visuali
zer/node_modules/vite/dist/node/cli.js:863:7)[39m
